[ Info: Oceananigans will use 8 threads
[ Info: Oceananigans architecture: GPU{CUDABackend}(CUDABackend(false, false))  (set OCEAN_ARCH=GPU|CPU to change)
[ Info: Run 1/10: wind 5.38 m/s from 329°, 28 sources, grid 128×128×64
[ Info: Run 1 warmup (winter, GPU{CUDABackend}(CUDABackend(false, false))): 30 minutes with no output...
[ Info: Initializing simulation...
[ Info: i: 0000, t: 0 seconds, Δt: 500 ms, umax = (1.8e-03, 5.1e-04, 5.3e-04) m/s, wall: 0 seconds
[ Info:     ... simulation initialization complete (14.156 seconds)
[ Info: Executing initial time step...
[ Info:     ... initial time step complete (3.585 seconds).
[ Info: i: 0050, t: 33.578 seconds, Δt: 805.255 ms, umax = (2.5e-03, 1.7e-03, 1.2e-03) m/s, wall: 18.812 seconds
[ Info: i: 0100, t: 1.461 minutes, Δt: 1.297 seconds, umax = (4.1e-03, 4.0e-03, 3.0e-03) m/s, wall: 19.990 seconds
[ Info: i: 0150, t: 2.912 minutes, Δt: 2.089 seconds, umax = (6.4e-03, 7.5e-03, 5.3e-03) m/s, wall: 21.169 seconds
[ Info: i: 0200, t: 5.180 minutes, Δt: 3 seconds, umax = (9.2e-03, 1.2e-02, 6.9e-03) m/s, wall: 22.347 seconds
[ Info: i: 0250, t: 7.680 minutes, Δt: 3 seconds, umax = (1.2e-02, 1.6e-02, 6.5e-03) m/s, wall: 23.525 seconds
[ Info: i: 0300, t: 10.180 minutes, Δt: 3 seconds, umax = (1.4e-02, 2.0e-02, 4.9e-03) m/s, wall: 24.711 seconds
[ Info: i: 0350, t: 12.680 minutes, Δt: 3 seconds, umax = (1.6e-02, 2.3e-02, 5.5e-03) m/s, wall: 25.913 seconds
[ Info: i: 0400, t: 15.180 minutes, Δt: 3 seconds, umax = (1.9e-02, 2.6e-02, 5.8e-03) m/s, wall: 27.091 seconds
[ Info: i: 0450, t: 17.680 minutes, Δt: 3 seconds, umax = (2.1e-02, 3.0e-02, 6.4e-03) m/s, wall: 28.269 seconds
[ Info: i: 0500, t: 20.180 minutes, Δt: 3 seconds, umax = (2.4e-02, 3.3e-02, 6.5e-03) m/s, wall: 29.449 seconds
[ Info: i: 0550, t: 22.680 minutes, Δt: 3 seconds, umax = (2.5e-02, 3.7e-02, 6.8e-03) m/s, wall: 30.626 seconds
[ Info: i: 0600, t: 25.180 minutes, Δt: 3 seconds, umax = (2.6e-02, 3.9e-02, 8.0e-03) m/s, wall: 31.803 seconds
[ Info: i: 0650, t: 27.680 minutes, Δt: 3 seconds, umax = (2.7e-02, 4.2e-02, 9.1e-03) m/s, wall: 32.980 seconds
[ Info: Simulation is stopping after running for 34.087 seconds.
[ Info: Simulation time 30 minutes equals or exceeds stop time 30 minutes.
[ Info: Warmup complete at t = 30 minutes; attaching output writer.
[ Info: Run 1 recording (1 hour) → /leonardo_scratch/large/userexternal/cfaccio1/oceananigans/test/nonhydro_winter_run001.nc
[ Info: Initializing simulation...
[ Info:     ... simulation initialization complete (60.744 ms)
[ Info: Executing initial time step...
[ Info:     ... initial time step complete (1.912 seconds).
[ Info: i: 0700, t: 30.150 minutes, Δt: 3 seconds, umax = (2.7e-02, 4.7e-02, 1.1e-02) m/s, wall: 1.988 seconds
[ Info: i: 0750, t: 32.650 minutes, Δt: 3 seconds, umax = (2.7e-02, 5.2e-02, 1.2e-02) m/s, wall: 3.169 seconds
[ Info: i: 0800, t: 35.150 minutes, Δt: 3 seconds, umax = (2.8e-02, 5.5e-02, 1.3e-02) m/s, wall: 4.520 seconds
[ Info: i: 0850, t: 37.650 minutes, Δt: 3 seconds, umax = (3.0e-02, 5.5e-02, 1.4e-02) m/s, wall: 5.766 seconds
[ Info: i: 0900, t: 40.150 minutes, Δt: 3 seconds, umax = (3.1e-02, 5.7e-02, 1.5e-02) m/s, wall: 7.125 seconds
[ Info: i: 0950, t: 42.650 minutes, Δt: 3 seconds, umax = (3.3e-02, 6.0e-02, 1.7e-02) m/s, wall: 8.308 seconds
[ Info: i: 1000, t: 45.150 minutes, Δt: 3 seconds, umax = (3.4e-02, 6.2e-02, 1.7e-02) m/s, wall: 9.578 seconds
[ Info: i: 1050, t: 47.650 minutes, Δt: 3 seconds, umax = (3.6e-02, 6.6e-02, 1.9e-02) m/s, wall: 10.809 seconds
[ Info: i: 1100, t: 50.150 minutes, Δt: 3 seconds, umax = (3.8e-02, 7.0e-02, 2.0e-02) m/s, wall: 12.167 seconds
[ Info: i: 1150, t: 52.650 minutes, Δt: 3 seconds, umax = (3.8e-02, 7.2e-02, 2.2e-02) m/s, wall: 13.475 seconds
[ Info: i: 1200, t: 55.150 minutes, Δt: 3 seconds, umax = (3.9e-02, 7.5e-02, 2.4e-02) m/s, wall: 14.730 seconds
[ Info: i: 1250, t: 57.650 minutes, Δt: 3 seconds, umax = (4.2e-02, 7.9e-02, 2.6e-02) m/s, wall: 15.973 seconds
[ Info: i: 1300, t: 1.002 hours, Δt: 3 seconds, umax = (4.2e-02, 8.0e-02, 2.7e-02) m/s, wall: 17.359 seconds
[ Info: i: 1350, t: 1.044 hours, Δt: 3 seconds, umax = (4.3e-02, 8.4e-02, 2.7e-02) m/s, wall: 18.553 seconds
[ Info: i: 1400, t: 1.086 hours, Δt: 3 seconds, umax = (4.3e-02, 9.2e-02, 2.9e-02) m/s, wall: 19.804 seconds
[ Info: i: 1450, t: 1.127 hours, Δt: 3 seconds, umax = (4.6e-02, 9.3e-02, 3.1e-02) m/s, wall: 21.075 seconds
[ Info: i: 1500, t: 1.169 hours, Δt: 3 seconds, umax = (4.8e-02, 9.2e-02, 3.1e-02) m/s, wall: 22.439 seconds
[ Info: i: 1550, t: 1.211 hours, Δt: 3 seconds, umax = (4.9e-02, 9.5e-02, 3.3e-02) m/s, wall: 23.626 seconds
[ Info: i: 1600, t: 1.252 hours, Δt: 3 seconds, umax = (4.9e-02, 9.7e-02, 3.5e-02) m/s, wall: 24.998 seconds
[ Info: i: 1650, t: 1.294 hours, Δt: 3 seconds, umax = (5.1e-02, 9.5e-02, 3.6e-02) m/s, wall: 26.258 seconds
[ Info: i: 1700, t: 1.336 hours, Δt: 3 seconds, umax = (5.1e-02, 9.6e-02, 3.7e-02) m/s, wall: 27.602 seconds
[ Info: i: 1750, t: 1.377 hours, Δt: 3 seconds, umax = (5.2e-02, 9.7e-02, 3.6e-02) m/s, wall: 28.901 seconds
[ Info: i: 1800, t: 1.419 hours, Δt: 3 seconds, umax = (5.5e-02, 1.0e-01, 3.7e-02) m/s, wall: 30.162 seconds
[ Info: i: 1850, t: 1.461 hours, Δt: 3 seconds, umax = (5.5e-02, 1.0e-01, 3.9e-02) m/s, wall: 31.402 seconds
[ Info: Simulation is stopping after running for 32.589 seconds.
[ Info: Simulation time 1.500 hours equals or exceeds stop time 1.500 hours.
[ Info: Run 2/10: wind 6.99 m/s from 283°, 20 sources, grid 128×128×64
[ Info: Run 2 warmup (winter, GPU{CUDABackend}(CUDABackend(false, false))): 30 minutes with no output...
[ Info: Initializing simulation...
[ Info: i: 0000, t: 0 seconds, Δt: 500 ms, umax = (2.7e-03, 7.9e-04, 6.7e-04) m/s, wall: 0 seconds
[ Info:     ... simulation initialization complete (121.187 ms)
[ Info: Executing initial time step...
[ Info:     ... initial time step complete (210.628 ms).
[ Info: i: 0050, t: 33.578 seconds, Δt: 805.255 ms, umax = (4.1e-03, 1.1e-03, 9.4e-04) m/s, wall: 1.345 seconds
[ Info: i: 0100, t: 1.461 minutes, Δt: 1.297 seconds, umax = (6.8e-03, 2.5e-03, 2.4e-03) m/s, wall: 2.455 seconds
[ Info: i: 0150, t: 2.912 minutes, Δt: 2.089 seconds, umax = (1.2e-02, 4.4e-03, 4.3e-03) m/s, wall: 3.564 seconds
[ Info: i: 0200, t: 5.180 minutes, Δt: 3 seconds, umax = (1.8e-02, 6.7e-03, 5.7e-03) m/s, wall: 4.674 seconds
[ Info: i: 0250, t: 7.680 minutes, Δt: 3 seconds, umax = (2.5e-02, 8.5e-03, 5.1e-03) m/s, wall: 5.783 seconds
[ Info: i: 0300, t: 10.180 minutes, Δt: 3 seconds, umax = (3.3e-02, 1.0e-02, 3.9e-03) m/s, wall: 6.892 seconds
[ Info: i: 0350, t: 12.680 minutes, Δt: 3 seconds, umax = (4.1e-02, 1.2e-02, 4.4e-03) m/s, wall: 8.002 seconds
[ Info: i: 0400, t: 15.180 minutes, Δt: 3 seconds, umax = (4.9e-02, 1.3e-02, 4.4e-03) m/s, wall: 9.114 seconds
[ Info: i: 0450, t: 17.680 minutes, Δt: 3 seconds, umax = (5.7e-02, 1.5e-02, 4.2e-03) m/s, wall: 10.223 seconds
[ Info: i: 0500, t: 20.180 minutes, Δt: 3 seconds, umax = (6.6e-02, 1.7e-02, 3.6e-03) m/s, wall: 11.342 seconds
[ Info: i: 0550, t: 22.680 minutes, Δt: 3 seconds, umax = (7.5e-02, 1.9e-02, 4.2e-03) m/s, wall: 12.451 seconds
[ Info: i: 0600, t: 25.180 minutes, Δt: 3 seconds, umax = (8.3e-02, 2.1e-02, 4.6e-03) m/s, wall: 13.560 seconds
[ Info: i: 0650, t: 27.680 minutes, Δt: 3 seconds, umax = (9.2e-02, 2.2e-02, 5.3e-03) m/s, wall: 14.670 seconds
[ Info: Simulation is stopping after running for 15.712 seconds.
[ Info: Simulation time 30 minutes equals or exceeds stop time 30 minutes.
[ Info: Warmup complete at t = 30 minutes; attaching output writer.
[ Info: Run 2 recording (1 hour) → /leonardo_scratch/large/userexternal/cfaccio1/oceananigans/test/nonhydro_winter_run002.nc
[ Info: Initializing simulation...
[ Info:     ... simulation initialization complete (34.235 ms)
[ Info: Executing initial time step...
[ Info:     ... initial time step complete (235.154 ms).
[ Info: i: 0700, t: 30.150 minutes, Δt: 3 seconds, umax = (9.8e-02, 2.5e-02, 5.1e-03) m/s, wall: 279.780 ms
[ Info: i: 0750, t: 32.650 minutes, Δt: 3 seconds, umax = (1.0e-01, 2.6e-02, 5.7e-03) m/s, wall: 1.382 seconds
[ Info: i: 0800, t: 35.150 minutes, Δt: 3 seconds, umax = (1.1e-01, 2.9e-02, 7.0e-03) m/s, wall: 2.660 seconds
[ Info: i: 0850, t: 37.650 minutes, Δt: 3 seconds, umax = (1.2e-01, 3.2e-02, 8.0e-03) m/s, wall: 3.832 seconds
[ Info: i: 0900, t: 40.150 minutes, Δt: 3 seconds, umax = (1.2e-01, 3.4e-02, 8.9e-03) m/s, wall: 5.215 seconds
[ Info: i: 0950, t: 42.650 minutes, Δt: 3 seconds, umax = (1.3e-01, 3.9e-02, 9.7e-03) m/s, wall: 6.350 seconds
[ Info: i: 1000, t: 45.150 minutes, Δt: 3 seconds, umax = (1.3e-01, 4.0e-02, 1.1e-02) m/s, wall: 7.522 seconds
[ Info: i: 1050, t: 47.650 minutes, Δt: 3 seconds, umax = (1.3e-01, 4.2e-02, 1.3e-02) m/s, wall: 8.691 seconds
[ Info: i: 1100, t: 50.150 minutes, Δt: 3 seconds, umax = (1.3e-01, 4.5e-02, 1.4e-02) m/s, wall: 9.973 seconds
[ Info: i: 1150, t: 52.650 minutes, Δt: 3 seconds, umax = (1.3e-01, 4.7e-02, 1.7e-02) m/s, wall: 11.092 seconds
[ Info: i: 1200, t: 55.150 minutes, Δt: 3 seconds, umax = (1.4e-01, 4.9e-02, 1.7e-02) m/s, wall: 12.373 seconds
[ Info: i: 1250, t: 57.650 minutes, Δt: 3 seconds, umax = (1.4e-01, 5.3e-02, 1.7e-02) m/s, wall: 13.553 seconds
[ Info: i: 1300, t: 1.002 hours, Δt: 3 seconds, umax = (1.4e-01, 5.1e-02, 1.9e-02) m/s, wall: 14.852 seconds
[ Info: i: 1350, t: 1.044 hours, Δt: 3 seconds, umax = (1.5e-01, 5.3e-02, 1.8e-02) m/s, wall: 16.124 seconds
[ Info: i: 1400, t: 1.086 hours, Δt: 3 seconds, umax = (1.5e-01, 5.6e-02, 1.8e-02) m/s, wall: 17.294 seconds
[ Info: i: 1450, t: 1.127 hours, Δt: 3 seconds, umax = (1.5e-01, 5.6e-02, 1.9e-02) m/s, wall: 18.461 seconds
[ Info: i: 1500, t: 1.169 hours, Δt: 3 seconds, umax = (1.5e-01, 5.7e-02, 1.9e-02) m/s, wall: 19.856 seconds
[ Info: i: 1550, t: 1.211 hours, Δt: 3 seconds, umax = (1.4e-01, 5.8e-02, 2.0e-02) m/s, wall: 20.995 seconds
[ Info: i: 1600, t: 1.252 hours, Δt: 3 seconds, umax = (1.4e-01, 5.8e-02, 1.9e-02) m/s, wall: 22.173 seconds
[ Info: i: 1650, t: 1.294 hours, Δt: 3 seconds, umax = (1.5e-01, 5.7e-02, 1.9e-02) m/s, wall: 23.348 seconds
[ Info: i: 1700, t: 1.336 hours, Δt: 3 seconds, umax = (1.5e-01, 5.5e-02, 1.9e-02) m/s, wall: 24.606 seconds
[ Info: i: 1750, t: 1.377 hours, Δt: 3 seconds, umax = (1.5e-01, 5.6e-02, 1.9e-02) m/s, wall: 25.725 seconds
[ Info: i: 1800, t: 1.419 hours, Δt: 3 seconds, umax = (1.5e-01, 5.8e-02, 2.0e-02) m/s, wall: 27.004 seconds
[ Info: i: 1850, t: 1.461 hours, Δt: 3 seconds, umax = (1.5e-01, 6.0e-02, 2.0e-02) m/s, wall: 28.185 seconds
[ Info: Simulation is stopping after running for 29.312 seconds.
[ Info: Simulation time 1.500 hours equals or exceeds stop time 1.500 hours.
[ Info: Run 3/10: wind 2.98 m/s from 297°, 28 sources, grid 128×128×64
[ Info: Run 3 warmup (winter, GPU{CUDABackend}(CUDABackend(false, false))): 30 minutes with no output...
[ Info: Initializing simulation...
[ Info: i: 0000, t: 0 seconds, Δt: 500 ms, umax = (1.0e-03, 3.4e-04, 2.8e-04) m/s, wall: 0 seconds
[ Info:     ... simulation initialization complete (120.264 ms)
[ Info: Executing initial time step...
[ Info:     ... initial time step complete (212.536 ms).
[ Info: i: 0050, t: 33.578 seconds, Δt: 805.255 ms, umax = (1.4e-03, 8.5e-04, 1.1e-03) m/s, wall: 1.410 seconds
[ Info: i: 0100, t: 1.461 minutes, Δt: 1.297 seconds, umax = (2.6e-03, 2.2e-03, 2.7e-03) m/s, wall: 2.588 seconds
[ Info: i: 0150, t: 2.912 minutes, Δt: 2.089 seconds, umax = (4.8e-03, 4.0e-03, 4.9e-03) m/s, wall: 3.766 seconds
[ Info: i: 0200, t: 5.180 minutes, Δt: 3 seconds, umax = (7.2e-03, 5.7e-03, 6.4e-03) m/s, wall: 4.944 seconds
[ Info: i: 0250, t: 7.680 minutes, Δt: 3 seconds, umax = (8.6e-03, 6.8e-03, 5.9e-03) m/s, wall: 6.125 seconds
[ Info: i: 0300, t: 10.180 minutes, Δt: 3 seconds, umax = (9.5e-03, 7.1e-03, 4.6e-03) m/s, wall: 7.308 seconds
[ Info: i: 0350, t: 12.680 minutes, Δt: 3 seconds, umax = (1.1e-02, 7.8e-03, 5.2e-03) m/s, wall: 8.486 seconds
[ Info: i: 0400, t: 15.180 minutes, Δt: 3 seconds, umax = (1.1e-02, 8.1e-03, 5.2e-03) m/s, wall: 9.673 seconds
[ Info: i: 0450, t: 17.680 minutes, Δt: 3 seconds, umax = (1.2e-02, 8.6e-03, 5.0e-03) m/s, wall: 10.851 seconds
[ Info: i: 0500, t: 20.180 minutes, Δt: 3 seconds, umax = (1.3e-02, 9.2e-03, 4.2e-03) m/s, wall: 12.029 seconds
[ Info: i: 0550, t: 22.680 minutes, Δt: 3 seconds, umax = (1.4e-02, 1.0e-02, 4.6e-03) m/s, wall: 13.207 seconds
[ Info: i: 0600, t: 25.180 minutes, Δt: 3 seconds, umax = (1.5e-02, 1.1e-02, 4.8e-03) m/s, wall: 14.385 seconds
[ Info: i: 0650, t: 27.680 minutes, Δt: 3 seconds, umax = (1.6e-02, 1.1e-02, 4.2e-03) m/s, wall: 15.564 seconds
[ Info: Simulation is stopping after running for 16.671 seconds.
[ Info: Simulation time 30 minutes equals or exceeds stop time 30 minutes.
[ Info: Warmup complete at t = 30 minutes; attaching output writer.
[ Info: Run 3 recording (1 hour) → /leonardo_scratch/large/userexternal/cfaccio1/oceananigans/test/nonhydro_winter_run003.nc
[ Info: Initializing simulation...
[ Info:     ... simulation initialization complete (33.426 ms)
[ Info: Executing initial time step...
[ Info:     ... initial time step complete (267.520 ms).
[ Info: i: 0700, t: 30.150 minutes, Δt: 3 seconds, umax = (1.7e-02, 1.1e-02, 4.1e-03) m/s, wall: 306.080 ms
[ Info: i: 0750, t: 32.650 minutes, Δt: 3 seconds, umax = (1.8e-02, 1.2e-02, 4.2e-03) m/s, wall: 1.470 seconds
[ Info: i: 0800, t: 35.150 minutes, Δt: 3 seconds, umax = (1.9e-02, 1.2e-02, 4.3e-03) m/s, wall: 2.822 seconds
[ Info: i: 0850, t: 37.650 minutes, Δt: 3 seconds, umax = (2.0e-02, 1.3e-02, 4.0e-03) m/s, wall: 4.055 seconds
[ Info: i: 0900, t: 40.150 minutes, Δt: 3 seconds, umax = (2.2e-02, 1.3e-02, 4.0e-03) m/s, wall: 5.511 seconds
[ Info: i: 0950, t: 42.650 minutes, Δt: 3 seconds, umax = (2.3e-02, 1.4e-02, 3.8e-03) m/s, wall: 6.710 seconds
[ Info: i: 1000, t: 45.150 minutes, Δt: 3 seconds, umax = (2.4e-02, 1.4e-02, 3.9e-03) m/s, wall: 7.939 seconds
[ Info: i: 1050, t: 47.650 minutes, Δt: 3 seconds, umax = (2.5e-02, 1.5e-02, 3.6e-03) m/s, wall: 9.186 seconds
[ Info: i: 1100, t: 50.150 minutes, Δt: 3 seconds, umax = (2.6e-02, 1.5e-02, 3.8e-03) m/s, wall: 10.657 seconds
[ Info: i: 1150, t: 52.650 minutes, Δt: 3 seconds, umax = (2.7e-02, 1.6e-02, 3.9e-03) m/s, wall: 11.839 seconds
[ Info: i: 1200, t: 55.150 minutes, Δt: 3 seconds, umax = (2.8e-02, 1.7e-02, 3.7e-03) m/s, wall: 13.121 seconds
[ Info: i: 1250, t: 57.650 minutes, Δt: 3 seconds, umax = (3.0e-02, 1.7e-02, 3.7e-03) m/s, wall: 14.315 seconds
[ Info: i: 1300, t: 1.002 hours, Δt: 3 seconds, umax = (3.1e-02, 1.8e-02, 3.9e-03) m/s, wall: 15.685 seconds
[ Info: i: 1350, t: 1.044 hours, Δt: 3 seconds, umax = (3.3e-02, 1.7e-02, 3.7e-03) m/s, wall: 16.890 seconds
[ Info: i: 1400, t: 1.086 hours, Δt: 3 seconds, umax = (3.4e-02, 1.7e-02, 3.6e-03) m/s, wall: 18.124 seconds
[ Info: i: 1450, t: 1.127 hours, Δt: 3 seconds, umax = (3.5e-02, 1.8e-02, 3.8e-03) m/s, wall: 19.359 seconds
[ Info: i: 1500, t: 1.169 hours, Δt: 3 seconds, umax = (3.6e-02, 1.8e-02, 3.8e-03) m/s, wall: 20.704 seconds
[ Info: i: 1550, t: 1.211 hours, Δt: 3 seconds, umax = (3.7e-02, 1.8e-02, 3.8e-03) m/s, wall: 21.886 seconds
[ Info: i: 1600, t: 1.252 hours, Δt: 3 seconds, umax = (3.9e-02, 1.9e-02, 3.9e-03) m/s, wall: 23.164 seconds
[ Info: i: 1650, t: 1.294 hours, Δt: 3 seconds, umax = (3.9e-02, 1.9e-02, 3.9e-03) m/s, wall: 24.406 seconds
[ Info: i: 1700, t: 1.336 hours, Δt: 3 seconds, umax = (4.0e-02, 2.0e-02, 4.0e-03) m/s, wall: 25.739 seconds
[ Info: i: 1750, t: 1.377 hours, Δt: 3 seconds, umax = (4.1e-02, 2.0e-02, 4.1e-03) m/s, wall: 26.930 seconds
[ Info: i: 1800, t: 1.419 hours, Δt: 3 seconds, umax = (4.3e-02, 2.0e-02, 4.2e-03) m/s, wall: 28.166 seconds
[ Info: i: 1850, t: 1.461 hours, Δt: 3 seconds, umax = (4.4e-02, 2.1e-02, 4.2e-03) m/s, wall: 29.405 seconds
[ Info: Simulation is stopping after running for 30.575 seconds.
[ Info: Simulation time 1.500 hours equals or exceeds stop time 1.500 hours.
[ Info: Run 4/10: wind 3.05 m/s from 308°, 21 sources, grid 128×128×64
[ Info: Run 4 warmup (winter, GPU{CUDABackend}(CUDABackend(false, false))): 30 minutes with no output...
[ Info: Initializing simulation...
[ Info: i: 0000, t: 0 seconds, Δt: 500 ms, umax = (1.1e-03, 3.1e-04, 2.8e-04) m/s, wall: 0 seconds
[ Info:     ... simulation initialization complete (119.389 ms)
[ Info: Executing initial time step...
[ Info:     ... initial time step complete (208.346 ms).
[ Info: i: 0050, t: 33.578 seconds, Δt: 805.255 ms, umax = (1.6e-03, 9.8e-04, 1.2e-03) m/s, wall: 1.352 seconds
[ Info: i: 0100, t: 1.461 minutes, Δt: 1.297 seconds, umax = (2.7e-03, 2.3e-03, 3.0e-03) m/s, wall: 2.471 seconds
[ Info: i: 0150, t: 2.912 minutes, Δt: 2.089 seconds, umax = (5.0e-03, 4.4e-03, 5.4e-03) m/s, wall: 3.590 seconds
[ Info: i: 0200, t: 5.180 minutes, Δt: 3 seconds, umax = (7.7e-03, 6.4e-03, 7.1e-03) m/s, wall: 4.708 seconds
[ Info: i: 0250, t: 7.680 minutes, Δt: 3 seconds, umax = (9.0e-03, 7.5e-03, 6.1e-03) m/s, wall: 5.828 seconds
[ Info: i: 0300, t: 10.180 minutes, Δt: 3 seconds, umax = (1.0e-02, 9.0e-03, 4.8e-03) m/s, wall: 6.947 seconds
[ Info: i: 0350, t: 12.680 minutes, Δt: 3 seconds, umax = (1.1e-02, 1.0e-02, 5.5e-03) m/s, wall: 8.067 seconds
[ Info: i: 0400, t: 15.180 minutes, Δt: 3 seconds, umax = (1.2e-02, 1.0e-02, 6.0e-03) m/s, wall: 9.185 seconds
[ Info: i: 0450, t: 17.680 minutes, Δt: 3 seconds, umax = (1.3e-02, 1.1e-02, 5.0e-03) m/s, wall: 10.305 seconds
[ Info: i: 0500, t: 20.180 minutes, Δt: 3 seconds, umax = (1.3e-02, 1.2e-02, 4.9e-03) m/s, wall: 11.426 seconds
[ Info: i: 0550, t: 22.680 minutes, Δt: 3 seconds, umax = (1.4e-02, 1.2e-02, 5.4e-03) m/s, wall: 12.552 seconds
[ Info: i: 0600, t: 25.180 minutes, Δt: 3 seconds, umax = (1.5e-02, 1.3e-02, 5.0e-03) m/s, wall: 13.672 seconds
[ Info: i: 0650, t: 27.680 minutes, Δt: 3 seconds, umax = (1.6e-02, 1.4e-02, 4.9e-03) m/s, wall: 14.791 seconds
[ Info: Simulation is stopping after running for 15.844 seconds.
[ Info: Simulation time 30 minutes equals or exceeds stop time 30 minutes.
[ Info: Warmup complete at t = 30 minutes; attaching output writer.
[ Info: Run 4 recording (1 hour) → /leonardo_scratch/large/userexternal/cfaccio1/oceananigans/test/nonhydro_winter_run004.nc
[ Info: Initializing simulation...
[ Info:     ... simulation initialization complete (32.021 ms)
[ Info: Executing initial time step...
[ Info:     ... initial time step complete (209.508 ms).
[ Info: i: 0700, t: 30.150 minutes, Δt: 3 seconds, umax = (1.7e-02, 1.5e-02, 4.7e-03) m/s, wall: 246.323 ms
[ Info: i: 0750, t: 32.650 minutes, Δt: 3 seconds, umax = (1.9e-02, 1.5e-02, 4.9e-03) m/s, wall: 1.369 seconds
[ Info: i: 0800, t: 35.150 minutes, Δt: 3 seconds, umax = (2.0e-02, 1.6e-02, 4.2e-03) m/s, wall: 2.659 seconds
[ Info: i: 0850, t: 37.650 minutes, Δt: 3 seconds, umax = (2.2e-02, 1.6e-02, 3.9e-03) m/s, wall: 3.826 seconds
[ Info: i: 0900, t: 40.150 minutes, Δt: 3 seconds, umax = (2.3e-02, 1.7e-02, 4.5e-03) m/s, wall: 5.214 seconds
[ Info: i: 0950, t: 42.650 minutes, Δt: 3 seconds, umax = (2.3e-02, 1.8e-02, 4.6e-03) m/s, wall: 6.364 seconds
[ Info: i: 1000, t: 45.150 minutes, Δt: 3 seconds, umax = (2.4e-02, 1.9e-02, 3.8e-03) m/s, wall: 7.540 seconds
[ Info: i: 1050, t: 47.650 minutes, Δt: 3 seconds, umax = (2.5e-02, 1.9e-02, 3.9e-03) m/s, wall: 8.718 seconds
[ Info: i: 1100, t: 50.150 minutes, Δt: 3 seconds, umax = (2.5e-02, 2.0e-02, 4.0e-03) m/s, wall: 10.123 seconds
[ Info: i: 1150, t: 52.650 minutes, Δt: 3 seconds, umax = (2.6e-02, 2.0e-02, 4.1e-03) m/s, wall: 11.257 seconds
[ Info: i: 1200, t: 55.150 minutes, Δt: 3 seconds, umax = (2.7e-02, 2.0e-02, 3.9e-03) m/s, wall: 12.437 seconds
[ Info: i: 1250, t: 57.650 minutes, Δt: 3 seconds, umax = (2.8e-02, 2.1e-02, 4.0e-03) m/s, wall: 13.731 seconds
[ Info: i: 1300, t: 1.002 hours, Δt: 3 seconds, umax = (2.9e-02, 2.1e-02, 4.0e-03) m/s, wall: 15.055 seconds
[ Info: i: 1350, t: 1.044 hours, Δt: 3 seconds, umax = (3.0e-02, 2.2e-02, 4.3e-03) m/s, wall: 16.202 seconds
[ Info: i: 1400, t: 1.086 hours, Δt: 3 seconds, umax = (3.2e-02, 2.2e-02, 4.3e-03) m/s, wall: 17.485 seconds
[ Info: i: 1450, t: 1.127 hours, Δt: 3 seconds, umax = (3.3e-02, 2.3e-02, 4.2e-03) m/s, wall: 18.683 seconds
[ Info: i: 1500, t: 1.169 hours, Δt: 3 seconds, umax = (3.3e-02, 2.4e-02, 4.5e-03) m/s, wall: 19.955 seconds
[ Info: i: 1550, t: 1.211 hours, Δt: 3 seconds, umax = (3.4e-02, 2.4e-02, 4.8e-03) m/s, wall: 21.201 seconds
[ Info: i: 1600, t: 1.252 hours, Δt: 3 seconds, umax = (3.5e-02, 2.5e-02, 4.9e-03) m/s, wall: 22.425 seconds
[ Info: i: 1650, t: 1.294 hours, Δt: 3 seconds, umax = (3.5e-02, 2.5e-02, 4.9e-03) m/s, wall: 23.601 seconds
[ Info: i: 1700, t: 1.336 hours, Δt: 3 seconds, umax = (3.5e-02, 2.6e-02, 5.0e-03) m/s, wall: 24.989 seconds
[ Info: i: 1750, t: 1.377 hours, Δt: 3 seconds, umax = (3.4e-02, 2.6e-02, 5.4e-03) m/s, wall: 26.152 seconds
[ Info: i: 1800, t: 1.419 hours, Δt: 3 seconds, umax = (3.5e-02, 2.7e-02, 5.7e-03) m/s, wall: 27.326 seconds
[ Info: i: 1850, t: 1.461 hours, Δt: 3 seconds, umax = (3.5e-02, 2.7e-02, 5.8e-03) m/s, wall: 28.505 seconds
[ Info: Simulation is stopping after running for 29.755 seconds.
[ Info: Simulation time 1.500 hours equals or exceeds stop time 1.500 hours.
[ Info: Run 5/10: wind 6.04 m/s from 316°, 21 sources, grid 128×128×64
[ Info: Run 5 warmup (winter, GPU{CUDABackend}(CUDABackend(false, false))): 30 minutes with no output...
[ Info: Initializing simulation...
[ Info: i: 0000, t: 0 seconds, Δt: 500 ms, umax = (2.1e-03, 5.6e-04, 5.8e-04) m/s, wall: 0 seconds
[ Info:     ... simulation initialization complete (120.398 ms)
[ Info: Executing initial time step...
[ Info:     ... initial time step complete (208.381 ms).
[ Info: i: 0050, t: 33.578 seconds, Δt: 805.255 ms, umax = (2.9e-03, 1.8e-03, 1.3e-03) m/s, wall: 1.349 seconds
[ Info: i: 0100, t: 1.461 minutes, Δt: 1.297 seconds, umax = (4.8e-03, 4.5e-03, 3.3e-03) m/s, wall: 2.472 seconds
[ Info: i: 0150, t: 2.912 minutes, Δt: 2.089 seconds, umax = (8.1e-03, 8.5e-03, 5.9e-03) m/s, wall: 3.591 seconds
[ Info: i: 0200, t: 5.180 minutes, Δt: 3 seconds, umax = (1.2e-02, 1.3e-02, 7.6e-03) m/s, wall: 4.710 seconds
[ Info: i: 0250, t: 7.680 minutes, Δt: 3 seconds, umax = (1.6e-02, 1.7e-02, 6.5e-03) m/s, wall: 5.830 seconds
[ Info: i: 0300, t: 10.180 minutes, Δt: 3 seconds, umax = (2.0e-02, 2.1e-02, 5.4e-03) m/s, wall: 6.949 seconds
[ Info: i: 0350, t: 12.680 minutes, Δt: 3 seconds, umax = (2.6e-02, 2.4e-02, 6.1e-03) m/s, wall: 8.068 seconds
[ Info: i: 0400, t: 15.180 minutes, Δt: 3 seconds, umax = (2.9e-02, 2.7e-02, 6.2e-03) m/s, wall: 9.187 seconds
[ Info: i: 0450, t: 17.680 minutes, Δt: 3 seconds, umax = (3.3e-02, 3.2e-02, 6.3e-03) m/s, wall: 10.307 seconds
[ Info: i: 0500, t: 20.180 minutes, Δt: 3 seconds, umax = (3.7e-02, 3.5e-02, 6.6e-03) m/s, wall: 11.431 seconds
[ Info: i: 0550, t: 22.680 minutes, Δt: 3 seconds, umax = (4.1e-02, 3.9e-02, 7.5e-03) m/s, wall: 12.550 seconds
[ Info: i: 0600, t: 25.180 minutes, Δt: 3 seconds, umax = (4.4e-02, 4.2e-02, 8.8e-03) m/s, wall: 13.678 seconds
[ Info: i: 0650, t: 27.680 minutes, Δt: 3 seconds, umax = (4.4e-02, 4.5e-02, 1.0e-02) m/s, wall: 14.797 seconds
[ Info: Simulation is stopping after running for 15.850 seconds.
[ Info: Simulation time 30 minutes equals or exceeds stop time 30 minutes.
[ Info: Warmup complete at t = 30 minutes; attaching output writer.
[ Info: Run 5 recording (1 hour) → /leonardo_scratch/large/userexternal/cfaccio1/oceananigans/test/nonhydro_winter_run005.nc
[ Info: Initializing simulation...
[ Info:     ... simulation initialization complete (31.465 ms)
[ Info: Executing initial time step...
[ Info:     ... initial time step complete (236.571 ms).
[ Info: i: 0700, t: 30.150 minutes, Δt: 3 seconds, umax = (4.4e-02, 4.9e-02, 1.2e-02) m/s, wall: 272.788 ms
[ Info: i: 0750, t: 32.650 minutes, Δt: 3 seconds, umax = (4.6e-02, 5.2e-02, 1.3e-02) m/s, wall: 1.377 seconds
[ Info: i: 0800, t: 35.150 minutes, Δt: 3 seconds, umax = (4.9e-02, 5.6e-02, 1.5e-02) m/s, wall: 2.678 seconds
[ Info: i: 0850, t: 37.650 minutes, Δt: 3 seconds, umax = (5.1e-02, 6.0e-02, 1.6e-02) m/s, wall: 3.860 seconds
[ Info: i: 0900, t: 40.150 minutes, Δt: 3 seconds, umax = (5.4e-02, 6.2e-02, 1.7e-02) m/s, wall: 5.138 seconds
[ Info: i: 0950, t: 42.650 minutes, Δt: 3 seconds, umax = (5.8e-02, 6.5e-02, 1.9e-02) m/s, wall: 6.372 seconds
[ Info: i: 1000, t: 45.150 minutes, Δt: 3 seconds, umax = (5.9e-02, 6.9e-02, 2.1e-02) m/s, wall: 7.549 seconds
[ Info: i: 1050, t: 47.650 minutes, Δt: 3 seconds, umax = (6.2e-02, 7.3e-02, 2.4e-02) m/s, wall: 8.733 seconds
[ Info: i: 1100, t: 50.150 minutes, Δt: 3 seconds, umax = (6.5e-02, 7.9e-02, 2.5e-02) m/s, wall: 10.047 seconds
[ Info: i: 1150, t: 52.650 minutes, Δt: 3 seconds, umax = (6.7e-02, 8.2e-02, 2.8e-02) m/s, wall: 11.180 seconds
[ Info: i: 1200, t: 55.150 minutes, Δt: 3 seconds, umax = (6.9e-02, 8.6e-02, 2.9e-02) m/s, wall: 12.362 seconds
[ Info: i: 1250, t: 57.650 minutes, Δt: 3 seconds, umax = (7.1e-02, 9.1e-02, 3.1e-02) m/s, wall: 13.632 seconds
[ Info: i: 1300, t: 1.002 hours, Δt: 3 seconds, umax = (7.3e-02, 9.3e-02, 3.2e-02) m/s, wall: 14.929 seconds
[ Info: i: 1350, t: 1.044 hours, Δt: 3 seconds, umax = (7.5e-02, 9.8e-02, 3.5e-02) m/s, wall: 16.091 seconds
[ Info: i: 1400, t: 1.086 hours, Δt: 3 seconds, umax = (7.8e-02, 1.0e-01, 3.7e-02) m/s, wall: 17.322 seconds
[ Info: i: 1450, t: 1.127 hours, Δt: 3 seconds, umax = (8.0e-02, 1.1e-01, 3.8e-02) m/s, wall: 18.459 seconds
[ Info: i: 1500, t: 1.169 hours, Δt: 3 seconds, umax = (8.2e-02, 1.1e-01, 4.1e-02) m/s, wall: 19.732 seconds
[ Info: i: 1550, t: 1.211 hours, Δt: 3 seconds, umax = (8.4e-02, 1.1e-01, 4.3e-02) m/s, wall: 20.984 seconds
[ Info: i: 1600, t: 1.252 hours, Δt: 3 seconds, umax = (8.5e-02, 1.2e-01, 4.6e-02) m/s, wall: 22.223 seconds
[ Info: i: 1650, t: 1.294 hours, Δt: 3 seconds, umax = (9.3e-02, 1.2e-01, 4.8e-02) m/s, wall: 23.398 seconds
[ Info: i: 1700, t: 1.336 hours, Δt: 3 seconds, umax = (9.3e-02, 1.2e-01, 5.1e-02) m/s, wall: 24.803 seconds
[ Info: i: 1750, t: 1.377 hours, Δt: 3 seconds, umax = (9.5e-02, 1.3e-01, 5.2e-02) m/s, wall: 25.959 seconds
[ Info: i: 1800, t: 1.419 hours, Δt: 3 seconds, umax = (9.9e-02, 1.3e-01, 5.3e-02) m/s, wall: 27.133 seconds
[ Info: i: 1850, t: 1.461 hours, Δt: 3 seconds, umax = (1.0e-01, 1.3e-01, 5.5e-02) m/s, wall: 28.320 seconds
[ Info: Simulation is stopping after running for 29.528 seconds.
[ Info: Simulation time 1.500 hours equals or exceeds stop time 1.500 hours.
[ Info: Run 6/10: wind 5.90 m/s from 279°, 30 sources, grid 128×128×64
[ Info: Run 6 warmup (winter, GPU{CUDABackend}(CUDABackend(false, false))): 30 minutes with no output...
[ Info: Initializing simulation...
[ Info: i: 0000, t: 0 seconds, Δt: 500 ms, umax = (2.4e-03, 5.2e-04, 5.5e-04) m/s, wall: 0 seconds
[ Info:     ... simulation initialization complete (122.323 ms)
[ Info: Executing initial time step...
[ Info:     ... initial time step complete (206.993 ms).
[ Info: i: 0050, t: 33.578 seconds, Δt: 805.255 ms, umax = (3.5e-03, 1.2e-03, 1.6e-03) m/s, wall: 1.434 seconds
[ Info: i: 0100, t: 1.461 minutes, Δt: 1.297 seconds, umax = (6.1e-03, 2.9e-03, 4.0e-03) m/s, wall: 2.630 seconds
[ Info: i: 0150, t: 2.912 minutes, Δt: 2.089 seconds, umax = (1.0e-02, 5.1e-03, 7.1e-03) m/s, wall: 3.834 seconds
[ Info: i: 0200, t: 5.180 minutes, Δt: 3 seconds, umax = (1.6e-02, 7.4e-03, 8.7e-03) m/s, wall: 5.030 seconds
[ Info: i: 0250, t: 7.680 minutes, Δt: 3 seconds, umax = (2.1e-02, 8.7e-03, 7.0e-03) m/s, wall: 6.225 seconds
[ Info: i: 0300, t: 10.180 minutes, Δt: 3 seconds, umax = (2.6e-02, 9.0e-03, 5.4e-03) m/s, wall: 7.421 seconds
[ Info: i: 0350, t: 12.680 minutes, Δt: 3 seconds, umax = (3.1e-02, 1.0e-02, 6.1e-03) m/s, wall: 8.617 seconds
[ Info: i: 0400, t: 15.180 minutes, Δt: 3 seconds, umax = (3.8e-02, 1.1e-02, 6.5e-03) m/s, wall: 9.812 seconds
[ Info: i: 0450, t: 17.680 minutes, Δt: 3 seconds, umax = (4.2e-02, 1.2e-02, 5.4e-03) m/s, wall: 11.008 seconds
[ Info: i: 0500, t: 20.180 minutes, Δt: 3 seconds, umax = (4.7e-02, 1.2e-02, 5.2e-03) m/s, wall: 12.203 seconds
[ Info: i: 0550, t: 22.680 minutes, Δt: 3 seconds, umax = (5.1e-02, 1.2e-02, 6.5e-03) m/s, wall: 13.398 seconds
[ Info: i: 0600, t: 25.180 minutes, Δt: 3 seconds, umax = (5.7e-02, 1.4e-02, 5.9e-03) m/s, wall: 14.595 seconds
[ Info: i: 0650, t: 27.680 minutes, Δt: 3 seconds, umax = (6.3e-02, 1.5e-02, 4.7e-03) m/s, wall: 15.789 seconds
[ Info: Simulation is stopping after running for 16.913 seconds.
[ Info: Simulation time 30 minutes equals or exceeds stop time 30 minutes.
[ Info: Warmup complete at t = 30 minutes; attaching output writer.
[ Info: Run 6 recording (1 hour) → /leonardo_scratch/large/userexternal/cfaccio1/oceananigans/test/nonhydro_winter_run006.nc
[ Info: Initializing simulation...
[ Info:     ... simulation initialization complete (31.869 ms)
[ Info: Executing initial time step...
[ Info:     ... initial time step complete (234.665 ms).
[ Info: i: 0700, t: 30.150 minutes, Δt: 3 seconds, umax = (6.8e-02, 1.6e-02, 4.9e-03) m/s, wall: 271.322 ms
[ Info: i: 0750, t: 32.650 minutes, Δt: 3 seconds, umax = (7.3e-02, 1.7e-02, 5.2e-03) m/s, wall: 1.449 seconds
[ Info: i: 0800, t: 35.150 minutes, Δt: 3 seconds, umax = (7.7e-02, 1.7e-02, 4.9e-03) m/s, wall: 2.823 seconds
[ Info: i: 0850, t: 37.650 minutes, Δt: 3 seconds, umax = (8.3e-02, 1.9e-02, 4.4e-03) m/s, wall: 4.077 seconds
[ Info: i: 0900, t: 40.150 minutes, Δt: 3 seconds, umax = (8.9e-02, 2.0e-02, 5.2e-03) m/s, wall: 5.548 seconds
[ Info: i: 0950, t: 42.650 minutes, Δt: 3 seconds, umax = (9.3e-02, 2.2e-02, 5.2e-03) m/s, wall: 6.767 seconds
[ Info: i: 1000, t: 45.150 minutes, Δt: 3 seconds, umax = (9.6e-02, 2.3e-02, 6.3e-03) m/s, wall: 8.028 seconds
[ Info: i: 1050, t: 47.650 minutes, Δt: 3 seconds, umax = (1.0e-01, 2.4e-02, 6.6e-03) m/s, wall: 9.277 seconds
[ Info: i: 1100, t: 50.150 minutes, Δt: 3 seconds, umax = (1.0e-01, 2.6e-02, 6.8e-03) m/s, wall: 10.777 seconds
[ Info: i: 1150, t: 52.650 minutes, Δt: 3 seconds, umax = (1.1e-01, 2.8e-02, 8.8e-03) m/s, wall: 11.988 seconds
[ Info: i: 1200, t: 55.150 minutes, Δt: 3 seconds, umax = (1.1e-01, 2.8e-02, 9.5e-03) m/s, wall: 13.241 seconds
[ Info: i: 1250, t: 57.650 minutes, Δt: 3 seconds, umax = (1.1e-01, 2.9e-02, 1.0e-02) m/s, wall: 14.500 seconds
[ Info: i: 1300, t: 1.002 hours, Δt: 3 seconds, umax = (1.2e-01, 3.3e-02, 1.1e-02) m/s, wall: 15.898 seconds
[ Info: i: 1350, t: 1.044 hours, Δt: 3 seconds, umax = (1.2e-01, 3.3e-02, 1.1e-02) m/s, wall: 17.199 seconds
[ Info: i: 1400, t: 1.086 hours, Δt: 3 seconds, umax = (1.2e-01, 3.4e-02, 1.2e-02) m/s, wall: 18.442 seconds
[ Info: i: 1450, t: 1.127 hours, Δt: 3 seconds, umax = (1.2e-01, 3.6e-02, 1.2e-02) m/s, wall: 19.692 seconds
[ Info: i: 1500, t: 1.169 hours, Δt: 3 seconds, umax = (1.2e-01, 3.7e-02, 1.1e-02) m/s, wall: 21.047 seconds
[ Info: i: 1550, t: 1.211 hours, Δt: 3 seconds, umax = (1.2e-01, 4.0e-02, 1.2e-02) m/s, wall: 22.254 seconds
[ Info: i: 1600, t: 1.252 hours, Δt: 3 seconds, umax = (1.2e-01, 4.0e-02, 1.3e-02) m/s, wall: 23.525 seconds
[ Info: i: 1650, t: 1.294 hours, Δt: 3 seconds, umax = (1.2e-01, 4.1e-02, 1.2e-02) m/s, wall: 24.776 seconds
[ Info: i: 1700, t: 1.336 hours, Δt: 3 seconds, umax = (1.2e-01, 4.2e-02, 1.3e-02) m/s, wall: 26.156 seconds
[ Info: i: 1750, t: 1.377 hours, Δt: 3 seconds, umax = (1.3e-01, 4.5e-02, 1.3e-02) m/s, wall: 27.375 seconds
[ Info: i: 1800, t: 1.419 hours, Δt: 3 seconds, umax = (1.3e-01, 4.5e-02, 1.2e-02) m/s, wall: 28.633 seconds
[ Info: i: 1850, t: 1.461 hours, Δt: 3 seconds, umax = (1.3e-01, 4.7e-02, 1.4e-02) m/s, wall: 29.888 seconds
[ Info: Simulation is stopping after running for 31.104 seconds.
[ Info: Simulation time 1.500 hours equals or exceeds stop time 1.500 hours.
[ Info: Run 7/10: wind 5.13 m/s from 321°, 22 sources, grid 128×128×64
[ Info: Run 7 warmup (winter, GPU{CUDABackend}(CUDABackend(false, false))): 30 minutes with no output...
[ Info: Initializing simulation...
[ Info: i: 0000, t: 0 seconds, Δt: 500 ms, umax = (2.0e-03, 5.9e-04, 4.6e-04) m/s, wall: 0 seconds
[ Info:     ... simulation initialization complete (121.445 ms)
[ Info: Executing initial time step...
[ Info:     ... initial time step complete (210.595 ms).
[ Info: i: 0050, t: 33.578 seconds, Δt: 805.255 ms, umax = (2.5e-03, 1.4e-03, 9.2e-04) m/s, wall: 1.366 seconds
[ Info: i: 0100, t: 1.461 minutes, Δt: 1.297 seconds, umax = (3.9e-03, 3.2e-03, 2.3e-03) m/s, wall: 2.496 seconds
[ Info: i: 0150, t: 2.912 minutes, Δt: 2.089 seconds, umax = (6.2e-03, 5.9e-03, 4.2e-03) m/s, wall: 3.638 seconds
[ Info: i: 0200, t: 5.180 minutes, Δt: 3 seconds, umax = (8.9e-03, 9.6e-03, 5.5e-03) m/s, wall: 4.777 seconds
[ Info: i: 0250, t: 7.680 minutes, Δt: 3 seconds, umax = (1.2e-02, 1.3e-02, 4.9e-03) m/s, wall: 5.914 seconds
[ Info: i: 0300, t: 10.180 minutes, Δt: 3 seconds, umax = (1.4e-02, 1.6e-02, 4.4e-03) m/s, wall: 7.045 seconds
[ Info: i: 0350, t: 12.680 minutes, Δt: 3 seconds, umax = (1.6e-02, 1.9e-02, 4.7e-03) m/s, wall: 8.177 seconds
[ Info: i: 0400, t: 15.180 minutes, Δt: 3 seconds, umax = (2.0e-02, 2.2e-02, 4.7e-03) m/s, wall: 9.307 seconds
[ Info: i: 0450, t: 17.680 minutes, Δt: 3 seconds, umax = (2.3e-02, 2.5e-02, 4.7e-03) m/s, wall: 10.440 seconds
[ Info: i: 0500, t: 20.180 minutes, Δt: 3 seconds, umax = (2.5e-02, 2.7e-02, 4.9e-03) m/s, wall: 11.570 seconds
[ Info: i: 0550, t: 22.680 minutes, Δt: 3 seconds, umax = (2.8e-02, 3.0e-02, 5.4e-03) m/s, wall: 12.700 seconds
[ Info: i: 0600, t: 25.180 minutes, Δt: 3 seconds, umax = (3.0e-02, 3.3e-02, 6.0e-03) m/s, wall: 13.830 seconds
[ Info: i: 0650, t: 27.680 minutes, Δt: 3 seconds, umax = (3.1e-02, 3.6e-02, 6.6e-03) m/s, wall: 14.960 seconds
[ Info: Simulation is stopping after running for 16.022 seconds.
[ Info: Simulation time 30 minutes equals or exceeds stop time 30 minutes.
[ Info: Warmup complete at t = 30 minutes; attaching output writer.
[ Info: Run 7 recording (1 hour) → /leonardo_scratch/large/userexternal/cfaccio1/oceananigans/test/nonhydro_winter_run007.nc
[ Info: Initializing simulation...
[ Info:     ... simulation initialization complete (34.143 ms)
[ Info: Executing initial time step...
[ Info:     ... initial time step complete (222.730 ms).
[ Info: i: 0700, t: 30.150 minutes, Δt: 3 seconds, umax = (3.2e-02, 3.8e-02, 7.5e-03) m/s, wall: 262.007 ms
[ Info: i: 0750, t: 32.650 minutes, Δt: 3 seconds, umax = (3.2e-02, 4.1e-02, 8.3e-03) m/s, wall: 1.383 seconds
[ Info: i: 0800, t: 35.150 minutes, Δt: 3 seconds, umax = (3.2e-02, 4.7e-02, 9.8e-03) m/s, wall: 2.689 seconds
[ Info: i: 0850, t: 37.650 minutes, Δt: 3 seconds, umax = (3.3e-02, 5.1e-02, 1.2e-02) m/s, wall: 3.877 seconds
[ Info: i: 0900, t: 40.150 minutes, Δt: 3 seconds, umax = (3.4e-02, 5.3e-02, 1.3e-02) m/s, wall: 5.277 seconds
[ Info: i: 0950, t: 42.650 minutes, Δt: 3 seconds, umax = (3.6e-02, 5.4e-02, 1.4e-02) m/s, wall: 6.439 seconds
[ Info: i: 1000, t: 45.150 minutes, Δt: 3 seconds, umax = (3.9e-02, 5.5e-02, 1.5e-02) m/s, wall: 7.621 seconds
[ Info: i: 1050, t: 47.650 minutes, Δt: 3 seconds, umax = (4.1e-02, 5.7e-02, 1.6e-02) m/s, wall: 8.812 seconds
[ Info: i: 1100, t: 50.150 minutes, Δt: 3 seconds, umax = (4.4e-02, 6.0e-02, 1.7e-02) m/s, wall: 10.239 seconds
[ Info: i: 1150, t: 52.650 minutes, Δt: 3 seconds, umax = (4.5e-02, 6.3e-02, 1.8e-02) m/s, wall: 11.383 seconds
[ Info: i: 1200, t: 55.150 minutes, Δt: 3 seconds, umax = (4.6e-02, 6.5e-02, 2.0e-02) m/s, wall: 12.567 seconds
[ Info: i: 1250, t: 57.650 minutes, Δt: 3 seconds, umax = (4.7e-02, 6.6e-02, 2.1e-02) m/s, wall: 13.873 seconds
[ Info: i: 1300, t: 1.002 hours, Δt: 3 seconds, umax = (4.9e-02, 7.0e-02, 2.3e-02) m/s, wall: 15.209 seconds
[ Info: i: 1350, t: 1.044 hours, Δt: 3 seconds, umax = (5.0e-02, 7.6e-02, 2.4e-02) m/s, wall: 16.352 seconds
[ Info: i: 1400, t: 1.086 hours, Δt: 3 seconds, umax = (5.1e-02, 7.8e-02, 2.5e-02) m/s, wall: 17.635 seconds
[ Info: i: 1450, t: 1.127 hours, Δt: 3 seconds, umax = (5.2e-02, 7.9e-02, 2.7e-02) m/s, wall: 18.819 seconds
[ Info: i: 1500, t: 1.169 hours, Δt: 3 seconds, umax = (5.3e-02, 8.3e-02, 2.7e-02) m/s, wall: 20.156 seconds
[ Info: i: 1550, t: 1.211 hours, Δt: 3 seconds, umax = (5.3e-02, 8.5e-02, 2.8e-02) m/s, wall: 21.351 seconds
[ Info: i: 1600, t: 1.252 hours, Δt: 3 seconds, umax = (5.6e-02, 8.8e-02, 3.0e-02) m/s, wall: 22.564 seconds
[ Info: i: 1650, t: 1.294 hours, Δt: 3 seconds, umax = (5.7e-02, 9.0e-02, 3.0e-02) m/s, wall: 23.755 seconds
[ Info: i: 1700, t: 1.336 hours, Δt: 3 seconds, umax = (6.0e-02, 9.3e-02, 3.2e-02) m/s, wall: 25.185 seconds
[ Info: i: 1750, t: 1.377 hours, Δt: 3 seconds, umax = (6.0e-02, 9.6e-02, 3.4e-02) m/s, wall: 26.330 seconds
[ Info: i: 1800, t: 1.419 hours, Δt: 3 seconds, umax = (6.1e-02, 9.9e-02, 3.5e-02) m/s, wall: 27.518 seconds
[ Info: i: 1850, t: 1.461 hours, Δt: 3 seconds, umax = (6.4e-02, 9.8e-02, 3.7e-02) m/s, wall: 28.816 seconds
[ Info: Simulation is stopping after running for 29.978 seconds.
[ Info: Simulation time 1.500 hours equals or exceeds stop time 1.500 hours.
[ Info: Run 8/10: wind 6.73 m/s from 304°, 30 sources, grid 128×128×64
[ Info: Run 8 warmup (winter, GPU{CUDABackend}(CUDABackend(false, false))): 30 minutes with no output...
[ Info: Initializing simulation...
[ Info: i: 0000, t: 0 seconds, Δt: 500 ms, umax = (2.2e-03, 6.1e-04, 6.3e-04) m/s, wall: 0 seconds
[ Info:     ... simulation initialization complete (115.864 ms)
[ Info: Executing initial time step...
[ Info:     ... initial time step complete (206.794 ms).
[ Info: i: 0050, t: 33.578 seconds, Δt: 805.255 ms, umax = (3.7e-03, 1.8e-03, 1.1e-03) m/s, wall: 1.412 seconds
[ Info: i: 0100, t: 1.461 minutes, Δt: 1.297 seconds, umax = (6.4e-03, 4.2e-03, 2.9e-03) m/s, wall: 2.609 seconds
[ Info: i: 0150, t: 2.912 minutes, Δt: 2.089 seconds, umax = (1.0e-02, 7.8e-03, 5.2e-03) m/s, wall: 3.805 seconds
[ Info: i: 0200, t: 5.180 minutes, Δt: 3 seconds, umax = (1.6e-02, 1.2e-02, 6.6e-03) m/s, wall: 5.002 seconds
[ Info: i: 0250, t: 7.680 minutes, Δt: 3 seconds, umax = (2.2e-02, 1.6e-02, 5.9e-03) m/s, wall: 6.197 seconds
[ Info: i: 0300, t: 10.180 minutes, Δt: 3 seconds, umax = (2.8e-02, 1.9e-02, 5.1e-03) m/s, wall: 7.392 seconds
[ Info: i: 0350, t: 12.680 minutes, Δt: 3 seconds, umax = (3.5e-02, 2.2e-02, 5.4e-03) m/s, wall: 8.586 seconds
[ Info: i: 0400, t: 15.180 minutes, Δt: 3 seconds, umax = (4.2e-02, 2.6e-02, 5.7e-03) m/s, wall: 9.782 seconds
[ Info: i: 0450, t: 17.680 minutes, Δt: 3 seconds, umax = (4.9e-02, 2.9e-02, 6.0e-03) m/s, wall: 10.977 seconds
[ Info: i: 0500, t: 20.180 minutes, Δt: 3 seconds, umax = (5.6e-02, 3.3e-02, 6.6e-03) m/s, wall: 12.173 seconds
[ Info: i: 0550, t: 22.680 minutes, Δt: 3 seconds, umax = (6.1e-02, 3.6e-02, 7.3e-03) m/s, wall: 13.368 seconds
[ Info: i: 0600, t: 25.180 minutes, Δt: 3 seconds, umax = (6.5e-02, 3.9e-02, 8.4e-03) m/s, wall: 14.563 seconds
[ Info: i: 0650, t: 27.680 minutes, Δt: 3 seconds, umax = (6.7e-02, 4.3e-02, 1.0e-02) m/s, wall: 15.759 seconds
[ Info: Simulation is stopping after running for 16.882 seconds.
[ Info: Simulation time 30 minutes equals or exceeds stop time 30 minutes.
[ Info: Warmup complete at t = 30 minutes; attaching output writer.
[ Info: Run 8 recording (1 hour) → /leonardo_scratch/large/userexternal/cfaccio1/oceananigans/test/nonhydro_winter_run008.nc
[ Info: Initializing simulation...
[ Info:     ... simulation initialization complete (31.176 ms)
[ Info: Executing initial time step...
[ Info:     ... initial time step complete (230.891 ms).
[ Info: i: 0700, t: 30.150 minutes, Δt: 3 seconds, umax = (6.7e-02, 4.6e-02, 1.1e-02) m/s, wall: 266.829 ms
[ Info: i: 0750, t: 32.650 minutes, Δt: 3 seconds, umax = (6.8e-02, 5.0e-02, 1.2e-02) m/s, wall: 1.514 seconds
[ Info: i: 0800, t: 35.150 minutes, Δt: 3 seconds, umax = (7.2e-02, 5.4e-02, 1.4e-02) m/s, wall: 2.758 seconds
[ Info: i: 0850, t: 37.650 minutes, Δt: 3 seconds, umax = (7.6e-02, 5.5e-02, 1.5e-02) m/s, wall: 4.020 seconds
[ Info: i: 0900, t: 40.150 minutes, Δt: 3 seconds, umax = (8.0e-02, 5.9e-02, 1.6e-02) m/s, wall: 5.417 seconds
[ Info: i: 0950, t: 42.650 minutes, Δt: 3 seconds, umax = (8.4e-02, 6.2e-02, 1.7e-02) m/s, wall: 6.621 seconds
[ Info: i: 1000, t: 45.150 minutes, Δt: 3 seconds, umax = (8.8e-02, 6.5e-02, 1.9e-02) m/s, wall: 7.869 seconds
[ Info: i: 1050, t: 47.650 minutes, Δt: 3 seconds, umax = (9.3e-02, 6.8e-02, 2.2e-02) m/s, wall: 9.136 seconds
[ Info: i: 1100, t: 50.150 minutes, Δt: 3 seconds, umax = (9.5e-02, 7.2e-02, 2.3e-02) m/s, wall: 10.647 seconds
[ Info: i: 1150, t: 52.650 minutes, Δt: 3 seconds, umax = (9.9e-02, 7.5e-02, 2.4e-02) m/s, wall: 11.871 seconds
[ Info: i: 1200, t: 55.150 minutes, Δt: 3 seconds, umax = (1.0e-01, 8.0e-02, 2.6e-02) m/s, wall: 13.215 seconds
[ Info: i: 1250, t: 57.650 minutes, Δt: 3 seconds, umax = (1.1e-01, 8.6e-02, 2.8e-02) m/s, wall: 14.495 seconds
[ Info: i: 1300, t: 1.002 hours, Δt: 3 seconds, umax = (1.1e-01, 9.0e-02, 3.1e-02) m/s, wall: 15.923 seconds
[ Info: i: 1350, t: 1.044 hours, Δt: 3 seconds, umax = (1.2e-01, 9.3e-02, 3.3e-02) m/s, wall: 17.151 seconds
[ Info: i: 1400, t: 1.086 hours, Δt: 3 seconds, umax = (1.2e-01, 1.0e-01, 3.6e-02) m/s, wall: 18.420 seconds
[ Info: i: 1450, t: 1.127 hours, Δt: 3 seconds, umax = (1.3e-01, 1.0e-01, 3.9e-02) m/s, wall: 19.663 seconds
[ Info: i: 1500, t: 1.169 hours, Δt: 3 seconds, umax = (1.3e-01, 1.1e-01, 4.1e-02) m/s, wall: 21.147 seconds
[ Info: i: 1550, t: 1.211 hours, Δt: 3 seconds, umax = (1.3e-01, 1.1e-01, 4.4e-02) m/s, wall: 22.388 seconds
[ Info: i: 1600, t: 1.252 hours, Δt: 3 seconds, umax = (1.4e-01, 1.2e-01, 4.7e-02) m/s, wall: 23.692 seconds
[ Info: i: 1650, t: 1.294 hours, Δt: 3 seconds, umax = (1.4e-01, 1.2e-01, 4.9e-02) m/s, wall: 24.950 seconds
[ Info: i: 1700, t: 1.336 hours, Δt: 3 seconds, umax = (1.4e-01, 1.2e-01, 5.0e-02) m/s, wall: 26.446 seconds
[ Info: i: 1750, t: 1.377 hours, Δt: 3 seconds, umax = (1.5e-01, 1.3e-01, 5.1e-02) m/s, wall: 27.662 seconds
[ Info: i: 1800, t: 1.419 hours, Δt: 3 seconds, umax = (1.6e-01, 1.4e-01, 5.4e-02) m/s, wall: 28.914 seconds
[ Info: i: 1850, t: 1.461 hours, Δt: 3 seconds, umax = (1.6e-01, 1.3e-01, 5.7e-02) m/s, wall: 30.204 seconds
[ Info: Simulation is stopping after running for 31.433 seconds.
[ Info: Simulation time 1.500 hours equals or exceeds stop time 1.500 hours.
[ Info: Run 9/10: wind 3.18 m/s from 344°, 19 sources, grid 128×128×64
[ Info: Run 9 warmup (winter, GPU{CUDABackend}(CUDABackend(false, false))): 30 minutes with no output...
[ Info: Initializing simulation...
[ Info: i: 0000, t: 0 seconds, Δt: 500 ms, umax = (1.1e-03, 3.1e-04, 2.8e-04) m/s, wall: 0 seconds
[ Info:     ... simulation initialization complete (115.641 ms)
[ Info: Executing initial time step...
[ Info:     ... initial time step complete (205.403 ms).
[ Info: i: 0050, t: 33.578 seconds, Δt: 805.255 ms, umax = (1.5e-03, 1.1e-03, 1.1e-03) m/s, wall: 1.325 seconds
[ Info: i: 0100, t: 1.461 minutes, Δt: 1.297 seconds, umax = (2.4e-03, 2.6e-03, 2.9e-03) m/s, wall: 2.430 seconds
[ Info: i: 0150, t: 2.912 minutes, Δt: 2.089 seconds, umax = (3.9e-03, 4.8e-03, 5.1e-03) m/s, wall: 3.531 seconds
[ Info: i: 0200, t: 5.180 minutes, Δt: 3 seconds, umax = (5.7e-03, 7.5e-03, 6.7e-03) m/s, wall: 4.632 seconds
[ Info: i: 0250, t: 7.680 minutes, Δt: 3 seconds, umax = (6.1e-03, 9.7e-03, 5.5e-03) m/s, wall: 5.735 seconds
[ Info: i: 0300, t: 10.180 minutes, Δt: 3 seconds, umax = (6.6e-03, 1.1e-02, 4.3e-03) m/s, wall: 6.835 seconds
[ Info: i: 0350, t: 12.680 minutes, Δt: 3 seconds, umax = (6.6e-03, 1.2e-02, 5.0e-03) m/s, wall: 7.936 seconds
[ Info: i: 0400, t: 15.180 minutes, Δt: 3 seconds, umax = (7.2e-03, 1.3e-02, 5.1e-03) m/s, wall: 9.037 seconds
[ Info: i: 0450, t: 17.680 minutes, Δt: 3 seconds, umax = (7.5e-03, 1.5e-02, 4.4e-03) m/s, wall: 10.137 seconds
[ Info: i: 0500, t: 20.180 minutes, Δt: 3 seconds, umax = (7.7e-03, 1.6e-02, 4.0e-03) m/s, wall: 11.245 seconds
[ Info: i: 0550, t: 22.680 minutes, Δt: 3 seconds, umax = (8.3e-03, 1.7e-02, 4.8e-03) m/s, wall: 12.349 seconds
[ Info: i: 0600, t: 25.180 minutes, Δt: 3 seconds, umax = (8.8e-03, 1.9e-02, 4.6e-03) m/s, wall: 13.450 seconds
[ Info: i: 0650, t: 27.680 minutes, Δt: 3 seconds, umax = (8.9e-03, 1.9e-02, 4.1e-03) m/s, wall: 14.551 seconds
[ Info: Simulation is stopping after running for 15.585 seconds.
[ Info: Simulation time 30 minutes equals or exceeds stop time 30 minutes.
[ Info: Warmup complete at t = 30 minutes; attaching output writer.
[ Info: Run 9 recording (1 hour) → /leonardo_scratch/large/userexternal/cfaccio1/oceananigans/test/nonhydro_winter_run009.nc
[ Info: Initializing simulation...
[ Info:     ... simulation initialization complete (31.389 ms)
[ Info: Executing initial time step...
[ Info:     ... initial time step complete (208.188 ms).
[ Info: i: 0700, t: 30.150 minutes, Δt: 3 seconds, umax = (8.8e-03, 2.0e-02, 4.3e-03) m/s, wall: 244.735 ms
[ Info: i: 0750, t: 32.650 minutes, Δt: 3 seconds, umax = (9.1e-03, 2.2e-02, 4.3e-03) m/s, wall: 1.469 seconds
[ Info: i: 0800, t: 35.150 minutes, Δt: 3 seconds, umax = (9.4e-03, 2.3e-02, 4.5e-03) m/s, wall: 2.631 seconds
[ Info: i: 0850, t: 37.650 minutes, Δt: 3 seconds, umax = (9.4e-03, 2.4e-02, 4.6e-03) m/s, wall: 3.800 seconds
[ Info: i: 0900, t: 40.150 minutes, Δt: 3 seconds, umax = (9.5e-03, 2.5e-02, 4.4e-03) m/s, wall: 5.216 seconds
[ Info: i: 0950, t: 42.650 minutes, Δt: 3 seconds, umax = (9.9e-03, 2.7e-02, 4.2e-03) m/s, wall: 6.341 seconds
[ Info: i: 1000, t: 45.150 minutes, Δt: 3 seconds, umax = (1.0e-02, 2.7e-02, 4.5e-03) m/s, wall: 7.616 seconds
[ Info: i: 1050, t: 47.650 minutes, Δt: 3 seconds, umax = (1.1e-02, 2.9e-02, 5.0e-03) m/s, wall: 8.805 seconds
[ Info: i: 1100, t: 50.150 minutes, Δt: 3 seconds, umax = (1.1e-02, 2.9e-02, 5.1e-03) m/s, wall: 10.085 seconds
[ Info: i: 1150, t: 52.650 minutes, Δt: 3 seconds, umax = (1.1e-02, 3.0e-02, 5.0e-03) m/s, wall: 11.217 seconds
[ Info: i: 1200, t: 55.150 minutes, Δt: 3 seconds, umax = (1.1e-02, 3.0e-02, 5.2e-03) m/s, wall: 12.374 seconds
[ Info: i: 1250, t: 57.650 minutes, Δt: 3 seconds, umax = (1.1e-02, 3.1e-02, 5.3e-03) m/s, wall: 13.532 seconds
[ Info: i: 1300, t: 1.002 hours, Δt: 3 seconds, umax = (1.1e-02, 3.2e-02, 5.5e-03) m/s, wall: 14.960 seconds
[ Info: i: 1350, t: 1.044 hours, Δt: 3 seconds, umax = (1.1e-02, 3.3e-02, 5.9e-03) m/s, wall: 16.085 seconds
[ Info: i: 1400, t: 1.086 hours, Δt: 3 seconds, umax = (1.1e-02, 3.4e-02, 6.5e-03) m/s, wall: 17.319 seconds
[ Info: i: 1450, t: 1.127 hours, Δt: 3 seconds, umax = (1.1e-02, 3.5e-02, 6.8e-03) m/s, wall: 18.442 seconds
[ Info: i: 1500, t: 1.169 hours, Δt: 3 seconds, umax = (1.2e-02, 3.6e-02, 7.0e-03) m/s, wall: 19.697 seconds
[ Info: i: 1550, t: 1.211 hours, Δt: 3 seconds, umax = (1.2e-02, 3.7e-02, 7.1e-03) m/s, wall: 20.945 seconds
[ Info: i: 1600, t: 1.252 hours, Δt: 3 seconds, umax = (1.2e-02, 3.7e-02, 7.2e-03) m/s, wall: 22.139 seconds
[ Info: i: 1650, t: 1.294 hours, Δt: 3 seconds, umax = (1.2e-02, 3.8e-02, 7.4e-03) m/s, wall: 23.297 seconds
[ Info: i: 1700, t: 1.336 hours, Δt: 3 seconds, umax = (1.2e-02, 3.8e-02, 7.7e-03) m/s, wall: 24.598 seconds
[ Info: i: 1750, t: 1.377 hours, Δt: 3 seconds, umax = (1.2e-02, 3.9e-02, 8.2e-03) m/s, wall: 25.713 seconds
[ Info: i: 1800, t: 1.419 hours, Δt: 3 seconds, umax = (1.2e-02, 3.9e-02, 8.6e-03) m/s, wall: 26.890 seconds
[ Info: i: 1850, t: 1.461 hours, Δt: 3 seconds, umax = (1.2e-02, 3.9e-02, 8.8e-03) m/s, wall: 28.182 seconds
[ Info: Simulation is stopping after running for 29.315 seconds.
[ Info: Simulation time 1.500 hours equals or exceeds stop time 1.500 hours.
[ Info: Run 10/10: wind 7.13 m/s from 353°, 21 sources, grid 128×128×64
[ Info: Run 10 warmup (winter, GPU{CUDABackend}(CUDABackend(false, false))): 30 minutes with no output...
[ Info: Initializing simulation...
[ Info: i: 0000, t: 0 seconds, Δt: 500 ms, umax = (2.8e-03, 6.6e-04, 6.2e-04) m/s, wall: 0 seconds
[ Info:     ... simulation initialization complete (18.860 ms)
[ Info: Executing initial time step...
[ Info:     ... initial time step complete (4.295 ms).
[ Info: i: 0050, t: 33.578 seconds, Δt: 805.255 ms, umax = (2.8e-03, 2.7e-03, 1.2e-03) m/s, wall: 1.041 seconds
[ Info: i: 0100, t: 1.461 minutes, Δt: 1.297 seconds, umax = (3.5e-03, 6.2e-03, 3.1e-03) m/s, wall: 2.178 seconds
[ Info: i: 0150, t: 2.912 minutes, Δt: 2.089 seconds, umax = (4.8e-03, 1.2e-02, 5.5e-03) m/s, wall: 3.300 seconds
[ Info: i: 0200, t: 5.180 minutes, Δt: 3 seconds, umax = (6.2e-03, 2.0e-02, 7.1e-03) m/s, wall: 4.421 seconds
[ Info: i: 0250, t: 7.680 minutes, Δt: 3 seconds, umax = (7.3e-03, 2.7e-02, 7.8e-03) m/s, wall: 5.542 seconds
[ Info: i: 0300, t: 10.180 minutes, Δt: 3 seconds, umax = (8.3e-03, 3.5e-02, 8.2e-03) m/s, wall: 6.663 seconds
[ Info: i: 0350, t: 12.680 minutes, Δt: 3 seconds, umax = (9.5e-03, 4.3e-02, 9.7e-03) m/s, wall: 7.784 seconds
[ Info: i: 0400, t: 15.180 minutes, Δt: 3 seconds, umax = (1.0e-02, 5.3e-02, 1.2e-02) m/s, wall: 8.912 seconds
[ Info: i: 0450, t: 17.680 minutes, Δt: 3 seconds, umax = (1.1e-02, 6.0e-02, 1.4e-02) m/s, wall: 10.032 seconds
[ Info: i: 0500, t: 20.180 minutes, Δt: 3 seconds, umax = (1.2e-02, 7.1e-02, 1.7e-02) m/s, wall: 11.152 seconds
[ Info: i: 0550, t: 22.680 minutes, Δt: 3 seconds, umax = (1.3e-02, 7.9e-02, 2.1e-02) m/s, wall: 12.273 seconds
[ Info: i: 0600, t: 25.180 minutes, Δt: 3 seconds, umax = (1.3e-02, 8.0e-02, 2.2e-02) m/s, wall: 13.401 seconds
[ Info: i: 0650, t: 27.680 minutes, Δt: 3 seconds, umax = (1.3e-02, 8.6e-02, 2.4e-02) m/s, wall: 14.522 seconds
[ Info: Simulation is stopping after running for 15.575 seconds.
[ Info: Simulation time 30 minutes equals or exceeds stop time 30 minutes.
[ Info: Warmup complete at t = 30 minutes; attaching output writer.
[ Info: Run 10 recording (1 hour) → /leonardo_scratch/large/userexternal/cfaccio1/oceananigans/test/nonhydro_winter_run010.nc
[ Info: Initializing simulation...
[ Info:     ... simulation initialization complete (794.941 μs)
[ Info: Executing initial time step...
[ Info:     ... initial time step complete (83.035 ms).
[ Info: i: 0700, t: 30.150 minutes, Δt: 3 seconds, umax = (1.4e-02, 9.3e-02, 2.7e-02) m/s, wall: 89.055 ms
[ Info: i: 0750, t: 32.650 minutes, Δt: 3 seconds, umax = (1.5e-02, 9.7e-02, 2.9e-02) m/s, wall: 1.292 seconds
[ Info: i: 0800, t: 35.150 minutes, Δt: 3 seconds, umax = (1.6e-02, 1.0e-01, 3.3e-02) m/s, wall: 2.437 seconds
[ Info: i: 0850, t: 37.650 minutes, Δt: 3 seconds, umax = (1.8e-02, 1.0e-01, 3.5e-02) m/s, wall: 3.611 seconds
[ Info: i: 0900, t: 40.150 minutes, Δt: 3 seconds, umax = (1.9e-02, 1.1e-01, 3.6e-02) m/s, wall: 5.019 seconds
[ Info: i: 0950, t: 42.650 minutes, Δt: 3 seconds, umax = (2.0e-02, 1.1e-01, 3.7e-02) m/s, wall: 6.173 seconds
[ Info: i: 1000, t: 45.150 minutes, Δt: 3 seconds, umax = (2.2e-02, 1.1e-01, 3.8e-02) m/s, wall: 7.352 seconds
[ Info: i: 1050, t: 47.650 minutes, Δt: 3 seconds, umax = (2.3e-02, 1.1e-01, 4.1e-02) m/s, wall: 8.534 seconds
[ Info: i: 1100, t: 50.150 minutes, Δt: 3 seconds, umax = (2.3e-02, 1.2e-01, 4.3e-02) m/s, wall: 10.023 seconds
[ Info: i: 1150, t: 52.650 minutes, Δt: 3 seconds, umax = (2.4e-02, 1.2e-01, 4.1e-02) m/s, wall: 11.154 seconds
[ Info: i: 1200, t: 55.150 minutes, Δt: 3 seconds, umax = (2.4e-02, 1.2e-01, 4.1e-02) m/s, wall: 12.335 seconds
[ Info: i: 1250, t: 57.650 minutes, Δt: 3 seconds, umax = (2.4e-02, 1.2e-01, 4.0e-02) m/s, wall: 13.585 seconds
[ Info: i: 1300, t: 1.002 hours, Δt: 3 seconds, umax = (2.5e-02, 1.2e-01, 4.5e-02) m/s, wall: 14.922 seconds
[ Info: i: 1350, t: 1.044 hours, Δt: 3 seconds, umax = (2.5e-02, 1.2e-01, 4.7e-02) m/s, wall: 16.104 seconds
[ Info: i: 1400, t: 1.086 hours, Δt: 3 seconds, umax = (2.5e-02, 1.2e-01, 4.4e-02) m/s, wall: 17.389 seconds
[ Info: i: 1450, t: 1.127 hours, Δt: 3 seconds, umax = (2.5e-02, 1.2e-01, 4.4e-02) m/s, wall: 18.592 seconds
[ Info: i: 1500, t: 1.169 hours, Δt: 3 seconds, umax = (2.5e-02, 1.2e-01, 4.9e-02) m/s, wall: 19.882 seconds
[ Info: i: 1550, t: 1.211 hours, Δt: 3 seconds, umax = (2.7e-02, 1.2e-01, 5.1e-02) m/s, wall: 21.126 seconds
[ Info: i: 1600, t: 1.252 hours, Δt: 3 seconds, umax = (2.9e-02, 1.3e-01, 4.9e-02) m/s, wall: 22.347 seconds
[ Info: i: 1650, t: 1.294 hours, Δt: 3 seconds, umax = (2.6e-02, 1.3e-01, 4.7e-02) m/s, wall: 23.528 seconds
[ Info: i: 1700, t: 1.336 hours, Δt: 3 seconds, umax = (2.5e-02, 1.3e-01, 4.9e-02) m/s, wall: 24.943 seconds
[ Info: i: 1750, t: 1.377 hours, Δt: 3 seconds, umax = (2.5e-02, 1.3e-01, 5.2e-02) m/s, wall: 26.076 seconds
[ Info: i: 1800, t: 1.419 hours, Δt: 3 seconds, umax = (2.5e-02, 1.3e-01, 5.3e-02) m/s, wall: 27.253 seconds
[ Info: i: 1850, t: 1.461 hours, Δt: 3 seconds, umax = (2.5e-02, 1.3e-01, 5.4e-02) m/s, wall: 28.541 seconds
[ Info: Simulation is stopping after running for 29.702 seconds.
[ Info: Simulation time 1.500 hours equals or exceeds stop time 1.500 hours.
[ Info: All runs complete.
